2026-07-29T16:35:25.657561Z  INFO 🚀 Starting trunk 0.21.1
2026-07-29T16:35:25.659233Z  INFO ⏫ Found an update of trunk: 0.21.1 -> 0.21.14
2026-07-29T16:35:25.665099Z  INFO 📦 starting build
    Finished `dev` profile [unoptimized + debuginfo] target(s) in 0.22s
warning: the following packages contain code that will be rejected by a future version of Rust: proc-macro-error2 v2.0.1
note: to see what the problems were, use the option `--future-incompat-report`, or run `cargo report future-incompatibilities --id 1`
2026-07-29T16:35:28.145655Z  INFO applying new distribution
2026-07-29T16:35:28.147953Z  INFO ✅ success
2026-07-29T16:35:28.148044Z  INFO 📡 serving static assets at -> /
2026-07-29T16:35:28.191597Z  INFO 📡 proxying /api -> http://127.0.0.1:3000/api
2026-07-29T16:35:28.191881Z  INFO 📡 server listening at:
2026-07-29T16:35:28.191897Z  INFO     🏠 http://127.0.0.1:1420/
2026-07-29T16:35:28.192057Z  INFO     🏠 http://localhost.:1420/
2026-07-29T16:35:28.192341Z  INFO 📦 starting build
    Finished `dev` profile [unoptimized + debuginfo] target(s) in 0.22s
warning: the following packages contain code that will be rejected by a future version of Rust: proc-macro-error2 v2.0.1
note: to see what the problems were, use the option `--future-incompat-report`, or run `cargo report future-incompatibilities --id 1`
2026-07-29T16:35:30.716372Z  INFO applying new distribution
2026-07-29T16:35:30.720825Z  INFO ✅ success
2026-07-29T16:35:30.720858Z  INFO 📦 starting build
    Finished `dev` profile [unoptimized + debuginfo] target(s) in 0.22s
warning: the following packages contain code that will be rejected by a future version of Rust: proc-macro-error2 v2.0.1
note: to see what the problems were, use the option `--future-incompat-report`, or run `cargo report future-incompatibilities --id 1`
2026-07-29T16:35:33.250788Z  INFO applying new distribution
2026-07-29T16:35:33.254296Z  INFO ✅ success
2026-07-29T16:35:33.254331Z  INFO 📦 starting build
    Finished `dev` profile [unoptimized + debuginfo] target(s) in 0.24s
warning: the following packages contain code that will be rejected by a future version of Rust: proc-macro-error2 v2.0.1
note: to see what the problems were, use the option `--future-incompat-report`, or run `cargo report future-incompatibilities --id 1`
2026-07-29T16:35:35.814746Z  INFO applying new distribution
2026-07-29T16:35:35.817543Z  INFO ✅ success
2026-07-29T16:35:35.817567Z  INFO 📦 starting build
    Finished `dev` profile [unoptimized + debuginfo] target(s) in 0.22s
warning: the following packages contain code that will be rejected by a future version of Rust: proc-macro-error2 v2.0.1
note: to see what the problems were, use the option `--future-incompat-report`, or run `cargo report future-incompatibilities --id 1`
2026-07-29T16:35:38.251242Z  INFO applying new distribution
2026-07-29T16:35:38.254871Z  INFO ✅ success
2026-07-29T16:35:38.254917Z  INFO 📦 starting build
    Finished `dev` profile [unoptimized + debuginfo] target(s) in 0.23s
warning: the following packages contain code that will be rejected by a future version of Rust: proc-macro-error2 v2.0.1
note: to see what the problems were, use the option `--future-incompat-report`, or run `cargo report future-incompatibilities --id 1`
2026-07-29T16:35:40.777947Z  INFO applying new distribution
2026-07-29T16:35:40.780530Z  INFO ✅ success
2026-07-29T16:35:40.780561Z  INFO 📦 starting build
    Finished `dev` profile [unoptimized + debuginfo] target(s) in 0.22s
warning: the following packages contain code that will be rejected by a future version of Rust: proc-macro-error2 v2.0.1
note: to see what the problems were, use the option `--future-incompat-report`, or run `cargo report future-incompatibilities --id 1`
2026-07-29T16:35:43.288039Z  INFO applying new distribution
2026-07-29T16:35:43.291439Z  INFO ✅ success
2026-07-29T16:35:43.291473Z  INFO 📦 starting build
    Finished `dev` profile [unoptimized + debuginfo] target(s) in 0.22s
warning: the following packages contain code that will be rejected by a future version of Rust: proc-macro-error2 v2.0.1
note: to see what the problems were, use the option `--future-incompat-report`, or run `cargo report future-incompatibilities --id 1`
2026-07-29T16:35:46.059398Z  INFO applying new distribution
2026-07-29T16:35:46.063638Z  INFO ✅ success
2026-07-29T16:35:46.063676Z  INFO 📦 starting build
    Finished `dev` profile [unoptimized + debuginfo] target(s) in 0.32s
warning: the following packages contain code that will be rejected by a future version of Rust: proc-macro-error2 v2.0.1
note: to see what the problems were, use the option `--future-incompat-report`, or run `cargo report future-incompatibilities --id 1`
2026-07-29T16:35:49.573197Z  INFO applying new distribution
2026-07-29T16:35:49.576341Z  INFO ✅ success
2026-07-29T16:35:49.576383Z  INFO 📦 starting build
    Finished `dev` profile [unoptimized + debuginfo] target(s) in 0.23s
warning: the following packages contain code that will be rejected by a future version of Rust: proc-macro-error2 v2.0.1
note: to see what the problems were, use the option `--future-incompat-report`, or run `cargo report future-incompatibilities --id 1`
2026-07-29T16:35:52.110263Z  INFO applying new distribution
2026-07-29T16:35:52.113575Z  INFO ✅ success
2026-07-29T16:35:52.113606Z  INFO 📦 starting build
    Finished `dev` profile [unoptimized + debuginfo] target(s) in 0.25s
warning: the following packages contain code that will be rejected by a future version of Rust: proc-macro-error2 v2.0.1
note: to see what the problems were, use the option `--future-incompat-report`, or run `cargo report future-incompatibilities --id 1`
2026-07-29T16:35:54.574777Z  INFO applying new distribution
2026-07-29T16:35:54.577354Z  INFO ✅ success
2026-07-29T16:35:54.577386Z  INFO 📦 starting build
    Finished `dev` profile [unoptimized + debuginfo] target(s) in 0.22s
warning: the following packages contain code that will be rejected by a future version of Rust: proc-macro-error2 v2.0.1
note: to see what the problems were, use the option `--future-incompat-report`, or run `cargo report future-incompatibilities --id 1`
2026-07-29T16:35:57.050167Z  INFO applying new distribution
2026-07-29T16:35:57.056784Z  INFO ✅ success
2026-07-29T16:35:57.056823Z  INFO 📦 starting build
    Finished `dev` profile [unoptimized + debuginfo] target(s) in 0.22s
warning: the following packages contain code that will be rejected by a future version of Rust: proc-macro-error2 v2.0.1
note: to see what the problems were, use the option `--future-incompat-report`, or run `cargo report future-incompatibilities --id 1`
2026-07-29T16:35:59.551287Z  INFO applying new distribution
2026-07-29T16:35:59.554133Z  INFO ✅ success
2026-07-29T16:35:59.554166Z  INFO 📦 starting build
    Finished `dev` profile [unoptimized + debuginfo] target(s) in 0.22s
warning: the following packages contain code that will be rejected by a future version of Rust: proc-macro-error2 v2.0.1
note: to see what the problems were, use the option `--future-incompat-report`, or run `cargo report future-incompatibilities --id 1`
2026-07-29T16:36:02.060675Z  INFO applying new distribution
2026-07-29T16:36:02.065154Z  INFO ✅ success
2026-07-29T16:36:02.065191Z  INFO 📦 starting build
    Finished `dev` profile [unoptimized + debuginfo] target(s) in 0.22s
warning: the following packages contain code that will be rejected by a future version of Rust: proc-macro-error2 v2.0.1
note: to see what the problems were, use the option `--future-incompat-report`, or run `cargo report future-incompatibilities --id 1`
2026-07-29T16:36:04.546936Z  INFO applying new distribution
2026-07-29T16:36:04.550725Z  INFO ✅ success
2026-07-29T16:36:04.550766Z  INFO 📦 starting build
    Finished `dev` profile [unoptimized + debuginfo] target(s) in 0.22s
warning: the following packages contain code that will be rejected by a future version of Rust: proc-macro-error2 v2.0.1
note: to see what the problems were, use the option `--future-incompat-report`, or run `cargo report future-incompatibilities --id 1`
2026-07-29T16:36:07.009088Z  INFO applying new distribution
2026-07-29T16:36:07.012337Z  INFO ✅ success
2026-07-29T16:36:07.012372Z  INFO 📦 starting build
    Finished `dev` profile [unoptimized + debuginfo] target(s) in 0.22s
warning: the following packages contain code that will be rejected by a future version of Rust: proc-macro-error2 v2.0.1
note: to see what the problems were, use the option `--future-incompat-report`, or run `cargo report future-incompatibilities --id 1`
2026-07-29T16:36:09.462942Z  INFO applying new distribution
2026-07-29T16:36:09.464748Z  INFO ✅ success
2026-07-29T16:36:09.464774Z  INFO 📦 starting build
    Finished `dev` profile [unoptimized + debuginfo] target(s) in 0.22s
warning: the following packages contain code that will be rejected by a future version of Rust: proc-macro-error2 v2.0.1
note: to see what the problems were, use the option `--future-incompat-report`, or run `cargo report future-incompatibilities --id 1`
2026-07-29T16:36:11.788963Z  INFO applying new distribution
2026-07-29T16:36:11.792442Z  INFO ✅ success
2026-07-29T16:36:11.792486Z  INFO 📦 starting build
    Finished `dev` profile [unoptimized + debuginfo] target(s) in 0.23s
warning: the following packages contain code that will be rejected by a future version of Rust: proc-macro-error2 v2.0.1
note: to see what the problems were, use the option `--future-incompat-report`, or run `cargo report future-incompatibilities --id 1`
2026-07-29T16:36:14.186339Z  INFO applying new distribution
2026-07-29T16:36:14.189872Z  INFO ✅ success
2026-07-29T16:36:14.189940Z  INFO 📦 starting build
    Finished `dev` profile [unoptimized + debuginfo] target(s) in 0.22s
warning: the following packages contain code that will be rejected by a future version of Rust: proc-macro-error2 v2.0.1
note: to see what the problems were, use the option `--future-incompat-report`, or run `cargo report future-incompatibilities --id 1`
2026-07-29T16:36:16.639674Z  INFO applying new distribution
2026-07-29T16:36:16.642801Z  INFO ✅ success
2026-07-29T16:36:16.642838Z  INFO 📦 starting build
    Finished `dev` profile [unoptimized + debuginfo] target(s) in 0.22s
warning: the following packages contain code that will be rejected by a future version of Rust: proc-macro-error2 v2.0.1
note: to see what the problems were, use the option `--future-incompat-report`, or run `cargo report future-incompatibilities --id 1`
2026-07-29T16:36:19.134943Z  INFO applying new distribution
2026-07-29T16:36:19.137905Z  INFO ✅ success
2026-07-29T16:36:19.137940Z  INFO 📦 starting build
    Finished `dev` profile [unoptimized + debuginfo] target(s) in 0.22s
warning: the following packages contain code that will be rejected by a future version of Rust: proc-macro-error2 v2.0.1
note: to see what the problems were, use the option `--future-incompat-report`, or run `cargo report future-incompatibilities --id 1`
2026-07-29T16:36:21.595430Z  INFO applying new distribution
2026-07-29T16:36:21.598491Z  INFO ✅ success
2026-07-29T16:36:21.598531Z  INFO 📦 starting build
    Finished `dev` profile [unoptimized + debuginfo] target(s) in 0.22s
warning: the following packages contain code that will be rejected by a future version of Rust: proc-macro-error2 v2.0.1
note: to see what the problems were, use the option `--future-incompat-report`, or run `cargo report future-incompatibilities --id 1`
2026-07-29T16:36:24.035077Z  INFO applying new distribution
2026-07-29T16:36:24.038388Z  INFO ✅ success
2026-07-29T16:36:24.038428Z  INFO 📦 starting build
    Finished `dev` profile [unoptimized + debuginfo] target(s) in 0.22s
warning: the following packages contain code that will be rejected by a future version of Rust: proc-macro-error2 v2.0.1
note: to see what the problems were, use the option `--future-incompat-report`, or run `cargo report future-incompatibilities --id 1`
2026-07-29T16:36:26.479537Z  INFO applying new distribution
2026-07-29T16:36:26.482203Z  INFO ✅ success
2026-07-29T16:36:26.482240Z  INFO 📦 starting build
    Finished `dev` profile [unoptimized + debuginfo] target(s) in 0.22s
warning: the following packages contain code that will be rejected by a future version of Rust: proc-macro-error2 v2.0.1
note: to see what the problems were, use the option `--future-incompat-report`, or run `cargo report future-incompatibilities --id 1`
2026-07-29T16:36:28.930567Z  INFO applying new distribution
2026-07-29T16:36:28.933360Z  INFO ✅ success
2026-07-29T16:36:28.933395Z  INFO 📦 starting build
    Finished `dev` profile [unoptimized + debuginfo] target(s) in 0.23s
warning: the following packages contain code that will be rejected by a future version of Rust: proc-macro-error2 v2.0.1
note: to see what the problems were, use the option `--future-incompat-report`, or run `cargo report future-incompatibilities --id 1`
2026-07-29T16:36:31.434381Z  INFO applying new distribution
2026-07-29T16:36:31.437856Z  INFO ✅ success
2026-07-29T16:36:31.437889Z  INFO 📦 starting build
    Finished `dev` profile [unoptimized + debuginfo] target(s) in 0.23s
warning: the following packages contain code that will be rejected by a future version of Rust: proc-macro-error2 v2.0.1
note: to see what the problems were, use the option `--future-incompat-report`, or run `cargo report future-incompatibilities --id 1`
2026-07-29T16:36:33.925422Z  INFO applying new distribution
2026-07-29T16:36:33.928401Z  INFO ✅ success
2026-07-29T16:36:33.928434Z  INFO 📦 starting build
    Finished `dev` profile [unoptimized + debuginfo] target(s) in 0.22s
warning: the following packages contain code that will be rejected by a future version of Rust: proc-macro-error2 v2.0.1
note: to see what the problems were, use the option `--future-incompat-report`, or run `cargo report future-incompatibilities --id 1`
2026-07-29T16:36:36.480590Z  INFO applying new distribution
2026-07-29T16:36:36.483336Z  INFO ✅ success
2026-07-29T16:36:36.483374Z  INFO 📦 starting build
    Finished `dev` profile [unoptimized + debuginfo] target(s) in 0.23s
warning: the following packages contain code that will be rejected by a future version of Rust: proc-macro-error2 v2.0.1
note: to see what the problems were, use the option `--future-incompat-report`, or run `cargo report future-incompatibilities --id 1`
2026-07-29T16:36:38.982444Z  INFO applying new distribution
2026-07-29T16:36:38.985779Z  INFO ✅ success
2026-07-29T16:36:38.985818Z  INFO 📦 starting build
    Finished `dev` profile [unoptimized + debuginfo] target(s) in 0.23s
warning: the following packages contain code that will be rejected by a future version of Rust: proc-macro-error2 v2.0.1
note: to see what the problems were, use the option `--future-incompat-report`, or run `cargo report future-incompatibilities --id 1`
2026-07-29T16:36:41.452148Z  INFO applying new distribution
2026-07-29T16:36:41.455846Z  INFO ✅ success
2026-07-29T16:36:41.455882Z  INFO 📦 starting build
    Finished `dev` profile [unoptimized + debuginfo] target(s) in 0.22s
warning: the following packages contain code that will be rejected by a future version of Rust: proc-macro-error2 v2.0.1
note: to see what the problems were, use the option `--future-incompat-report`, or run `cargo report future-incompatibilities --id 1`
2026-07-29T16:36:43.963692Z  INFO applying new distribution
2026-07-29T16:36:43.966834Z  INFO ✅ success
2026-07-29T16:36:43.966867Z  INFO 📦 starting build
    Finished `dev` profile [unoptimized + debuginfo] target(s) in 0.22s
warning: the following packages contain code that will be rejected by a future version of Rust: proc-macro-error2 v2.0.1
note: to see what the problems were, use the option `--future-incompat-report`, or run `cargo report future-incompatibilities --id 1`
2026-07-29T16:36:46.459469Z  INFO applying new distribution
2026-07-29T16:36:46.462651Z  INFO ✅ success
2026-07-29T16:36:46.462704Z  INFO 📦 starting build
    Finished `dev` profile [unoptimized + debuginfo] target(s) in 0.23s
warning: the following packages contain code that will be rejected by a future version of Rust: proc-macro-error2 v2.0.1
note: to see what the problems were, use the option `--future-incompat-report`, or run `cargo report future-incompatibilities --id 1`
2026-07-29T16:36:48.917546Z  INFO applying new distribution
2026-07-29T16:36:48.920612Z  INFO ✅ success
2026-07-29T16:36:48.920653Z  INFO 📦 starting build
    Finished `dev` profile [unoptimized + debuginfo] target(s) in 0.22s
warning: the following packages contain code that will be rejected by a future version of Rust: proc-macro-error2 v2.0.1
note: to see what the problems were, use the option `--future-incompat-report`, or run `cargo report future-incompatibilities --id 1`
2026-07-29T16:36:51.381429Z  INFO applying new distribution
2026-07-29T16:36:51.384312Z  INFO ✅ success
2026-07-29T16:36:51.384344Z  INFO 📦 starting build
    Finished `dev` profile [unoptimized + debuginfo] target(s) in 0.22s
warning: the following packages contain code that will be rejected by a future version of Rust: proc-macro-error2 v2.0.1
note: to see what the problems were, use the option `--future-incompat-report`, or run `cargo report future-incompatibilities --id 1`
2026-07-29T16:36:53.834160Z  INFO applying new distribution
2026-07-29T16:36:53.836754Z  INFO ✅ success
2026-07-29T16:36:53.836780Z  INFO 📦 starting build
    Finished `dev` profile [unoptimized + debuginfo] target(s) in 0.22s
warning: the following packages contain code that will be rejected by a future version of Rust: proc-macro-error2 v2.0.1
note: to see what the problems were, use the option `--future-incompat-report`, or run `cargo report future-incompatibilities --id 1`
2026-07-29T16:36:56.262111Z  INFO applying new distribution
2026-07-29T16:36:56.265473Z  INFO ✅ success
2026-07-29T16:36:56.265505Z  INFO 📦 starting build
    Finished `dev` profile [unoptimized + debuginfo] target(s) in 0.23s
warning: the following packages contain code that will be rejected by a future version of Rust: proc-macro-error2 v2.0.1
note: to see what the problems were, use the option `--future-incompat-report`, or run `cargo report future-incompatibilities --id 1`
2026-07-29T16:36:58.751878Z  INFO applying new distribution
2026-07-29T16:36:58.755926Z  INFO ✅ success
2026-07-29T16:36:58.755984Z  INFO 📦 starting build
    Finished `dev` profile [unoptimized + debuginfo] target(s) in 0.25s
warning: the following packages contain code that will be rejected by a future version of Rust: proc-macro-error2 v2.0.1
note: to see what the problems were, use the option `--future-incompat-report`, or run `cargo report future-incompatibilities --id 1`
2026-07-29T16:37:01.302047Z  INFO applying new distribution
2026-07-29T16:37:01.304986Z  INFO ✅ success
2026-07-29T16:37:01.305015Z  INFO 📦 starting build
    Finished `dev` profile [unoptimized + debuginfo] target(s) in 0.22s
warning: the following packages contain code that will be rejected by a future version of Rust: proc-macro-error2 v2.0.1
note: to see what the problems were, use the option `--future-incompat-report`, or run `cargo report future-incompatibilities --id 1`
2026-07-29T16:37:03.774642Z  INFO applying new distribution
2026-07-29T16:37:03.777056Z  INFO ✅ success
2026-07-29T16:37:03.777087Z  INFO 📦 starting build
    Finished `dev` profile [unoptimized + debuginfo] target(s) in 0.22s
warning: the following packages contain code that will be rejected by a future version of Rust: proc-macro-error2 v2.0.1
note: to see what the problems were, use the option `--future-incompat-report`, or run `cargo report future-incompatibilities --id 1`
2026-07-29T16:37:06.247554Z  INFO applying new distribution
2026-07-29T16:37:06.250429Z  INFO ✅ success
2026-07-29T16:37:06.250466Z  INFO 📦 starting build
    Finished `dev` profile [unoptimized + debuginfo] target(s) in 0.23s
warning: the following packages contain code that will be rejected by a future version of Rust: proc-macro-error2 v2.0.1
note: to see what the problems were, use the option `--future-incompat-report`, or run `cargo report future-incompatibilities --id 1`
2026-07-29T16:37:08.752785Z  INFO applying new distribution
2026-07-29T16:37:08.755241Z  INFO ✅ success
2026-07-29T16:37:08.755269Z  INFO 📦 starting build
    Finished `dev` profile [unoptimized + debuginfo] target(s) in 0.22s
warning: the following packages contain code that will be rejected by a future version of Rust: proc-macro-error2 v2.0.1
note: to see what the problems were, use the option `--future-incompat-report`, or run `cargo report future-incompatibilities --id 1`
2026-07-29T16:37:11.285093Z  INFO applying new distribution
2026-07-29T16:37:11.288955Z  INFO ✅ success
2026-07-29T16:37:11.288999Z  INFO 📦 starting build
    Finished `dev` profile [unoptimized + debuginfo] target(s) in 0.22s
warning: the following packages contain code that will be rejected by a future version of Rust: proc-macro-error2 v2.0.1
note: to see what the problems were, use the option `--future-incompat-report`, or run `cargo report future-incompatibilities --id 1`
2026-07-29T16:37:13.692773Z  INFO applying new distribution
2026-07-29T16:37:13.694545Z  INFO ✅ success
2026-07-29T16:37:13.694572Z  INFO 📦 starting build
    Finished `dev` profile [unoptimized + debuginfo] target(s) in 0.22s
warning: the following packages contain code that will be rejected by a future version of Rust: proc-macro-error2 v2.0.1
note: to see what the problems were, use the option `--future-incompat-report`, or run `cargo report future-incompatibilities --id 1`
2026-07-29T16:37:16.115567Z  INFO applying new distribution
2026-07-29T16:37:16.118247Z  INFO ✅ success
2026-07-29T16:37:16.118285Z  INFO 📦 starting build
    Finished `dev` profile [unoptimized + debuginfo] target(s) in 0.22s
warning: the following packages contain code that will be rejected by a future version of Rust: proc-macro-error2 v2.0.1
note: to see what the problems were, use the option `--future-incompat-report`, or run `cargo report future-incompatibilities --id 1`
2026-07-29T16:37:18.627437Z  INFO applying new distribution
2026-07-29T16:37:18.630358Z  INFO ✅ success
2026-07-29T16:37:18.630386Z  INFO 📦 starting build
    Finished `dev` profile [unoptimized + debuginfo] target(s) in 0.22s
warning: the following packages contain code that will be rejected by a future version of Rust: proc-macro-error2 v2.0.1
note: to see what the problems were, use the option `--future-incompat-report`, or run `cargo report future-incompatibilities --id 1`
2026-07-29T16:37:21.139347Z  INFO applying new distribution
2026-07-29T16:37:21.143076Z  INFO ✅ success
2026-07-29T16:37:21.143124Z  INFO 📦 starting build
    Finished `dev` profile [unoptimized + debuginfo] target(s) in 0.22s
warning: the following packages contain code that will be rejected by a future version of Rust: proc-macro-error2 v2.0.1
note: to see what the problems were, use the option `--future-incompat-report`, or run `cargo report future-incompatibilities --id 1`
2026-07-29T16:37:23.636717Z  INFO applying new distribution
2026-07-29T16:37:23.640255Z  INFO ✅ success
2026-07-29T16:37:23.640293Z  INFO 📦 starting build
    Finished `dev` profile [unoptimized + debuginfo] target(s) in 0.23s
warning: the following packages contain code that will be rejected by a future version of Rust: proc-macro-error2 v2.0.1
note: to see what the problems were, use the option `--future-incompat-report`, or run `cargo report future-incompatibilities --id 1`
2026-07-29T16:37:26.112395Z  INFO applying new distribution
2026-07-29T16:37:26.115760Z  INFO ✅ success
2026-07-29T16:37:26.115808Z  INFO 📦 starting build
    Finished `dev` profile [unoptimized + debuginfo] target(s) in 0.22s
warning: the following packages contain code that will be rejected by a future version of Rust: proc-macro-error2 v2.0.1
note: to see what the problems were, use the option `--future-incompat-report`, or run `cargo report future-incompatibilities --id 1`
2026-07-29T16:37:28.562835Z  INFO applying new distribution
2026-07-29T16:37:28.565593Z  INFO ✅ success
2026-07-29T16:37:28.565619Z  INFO 📦 starting build
    Finished `dev` profile [unoptimized + debuginfo] target(s) in 0.22s
warning: the following packages contain code that will be rejected by a future version of Rust: proc-macro-error2 v2.0.1
note: to see what the problems were, use the option `--future-incompat-report`, or run `cargo report future-incompatibilities --id 1`
2026-07-29T16:37:31.027281Z  INFO applying new distribution
2026-07-29T16:37:31.029713Z  INFO ✅ success
2026-07-29T16:37:31.029809Z  INFO 📦 starting build
    Finished `dev` profile [unoptimized + debuginfo] target(s) in 0.23s
warning: the following packages contain code that will be rejected by a future version of Rust: proc-macro-error2 v2.0.1
note: to see what the problems were, use the option `--future-incompat-report`, or run `cargo report future-incompatibilities --id 1`
2026-07-29T16:37:33.542211Z  INFO applying new distribution
2026-07-29T16:37:33.546000Z  INFO ✅ success
2026-07-29T16:37:33.546039Z  INFO 📦 starting build
    Finished `dev` profile [unoptimized + debuginfo] target(s) in 0.22s
warning: the following packages contain code that will be rejected by a future version of Rust: proc-macro-error2 v2.0.1
note: to see what the problems were, use the option `--future-incompat-report`, or run `cargo report future-incompatibilities --id 1`
2026-07-29T16:37:36.011762Z  INFO applying new distribution
2026-07-29T16:37:36.014978Z  INFO ✅ success
2026-07-29T16:37:36.015014Z  INFO 📦 starting build
    Finished `dev` profile [unoptimized + debuginfo] target(s) in 0.22s
warning: the following packages contain code that will be rejected by a future version of Rust: proc-macro-error2 v2.0.1
note: to see what the problems were, use the option `--future-incompat-report`, or run `cargo report future-incompatibilities --id 1`
2026-07-29T16:37:38.489228Z  INFO applying new distribution
2026-07-29T16:37:38.492224Z  INFO ✅ success
2026-07-29T16:37:38.492271Z  INFO 📦 starting build
    Finished `dev` profile [unoptimized + debuginfo] target(s) in 0.23s
warning: the following packages contain code that will be rejected by a future version of Rust: proc-macro-error2 v2.0.1
note: to see what the problems were, use the option `--future-incompat-report`, or run `cargo report future-incompatibilities --id 1`
2026-07-29T16:37:41.010341Z  INFO applying new distribution
2026-07-29T16:37:41.012867Z  INFO ✅ success
2026-07-29T16:37:41.012897Z  INFO 📦 starting build
    Finished `dev` profile [unoptimized + debuginfo] target(s) in 0.23s
warning: the following packages contain code that will be rejected by a future version of Rust: proc-macro-error2 v2.0.1
note: to see what the problems were, use the option `--future-incompat-report`, or run `cargo report future-incompatibilities --id 1`
2026-07-29T16:37:43.479484Z  INFO applying new distribution
2026-07-29T16:37:43.482199Z  INFO ✅ success
2026-07-29T16:37:43.482232Z  INFO 📦 starting build
    Finished `dev` profile [unoptimized + debuginfo] target(s) in 0.22s
warning: the following packages contain code that will be rejected by a future version of Rust: proc-macro-error2 v2.0.1
note: to see what the problems were, use the option `--future-incompat-report`, or run `cargo report future-incompatibilities --id 1`
2026-07-29T16:37:45.961952Z  INFO applying new distribution
2026-07-29T16:37:45.965306Z  INFO ✅ success
2026-07-29T16:37:45.965344Z  INFO 📦 starting build
    Finished `dev` profile [unoptimized + debuginfo] target(s) in 0.22s
warning: the following packages contain code that will be rejected by a future version of Rust: proc-macro-error2 v2.0.1
note: to see what the problems were, use the option `--future-incompat-report`, or run `cargo report future-incompatibilities --id 1`
2026-07-29T16:37:48.408337Z  INFO applying new distribution
2026-07-29T16:37:48.411603Z  INFO ✅ success
2026-07-29T16:37:48.411638Z  INFO 📦 starting build
    Finished `dev` profile [unoptimized + debuginfo] target(s) in 0.22s
warning: the following packages contain code that will be rejected by a future version of Rust: proc-macro-error2 v2.0.1
note: to see what the problems were, use the option `--future-incompat-report`, or run `cargo report future-incompatibilities --id 1`
2026-07-29T16:37:51.489818Z  INFO applying new distribution
2026-07-29T16:37:51.494335Z  INFO ✅ success
2026-07-29T16:37:51.494385Z  INFO 📦 starting build
    Finished `dev` profile [unoptimized + debuginfo] target(s) in 0.35s
warning: the following packages contain code that will be rejected by a future version of Rust: proc-macro-error2 v2.0.1
note: to see what the problems were, use the option `--future-incompat-report`, or run `cargo report future-incompatibilities --id 1`
2026-07-29T16:37:54.787200Z  INFO applying new distribution
2026-07-29T16:37:54.791159Z  INFO ✅ success
2026-07-29T16:37:54.791199Z  INFO 📦 starting build
    Finished `dev` profile [unoptimized + debuginfo] target(s) in 0.23s
warning: the following packages contain code that will be rejected by a future version of Rust: proc-macro-error2 v2.0.1
note: to see what the problems were, use the option `--future-incompat-report`, or run `cargo report future-incompatibilities --id 1`
2026-07-29T16:37:57.438773Z  INFO applying new distribution
2026-07-29T16:37:57.442602Z  INFO ✅ success
2026-07-29T16:37:57.442644Z  INFO 📦 starting build
    Finished `dev` profile [unoptimized + debuginfo] target(s) in 0.22s
warning: the following packages contain code that will be rejected by a future version of Rust: proc-macro-error2 v2.0.1
note: to see what the problems were, use the option `--future-incompat-report`, or run `cargo report future-incompatibilities --id 1`
2026-07-29T16:38:00.173216Z  INFO applying new distribution
2026-07-29T16:38:00.176834Z  INFO ✅ success
2026-07-29T16:38:00.176877Z  INFO 📦 starting build
    Finished `dev` profile [unoptimized + debuginfo] target(s) in 0.23s
warning: the following packages contain code that will be rejected by a future version of Rust: proc-macro-error2 v2.0.1
note: to see what the problems were, use the option `--future-incompat-report`, or run `cargo report future-incompatibilities --id 1`
2026-07-29T16:38:02.699510Z  INFO applying new distribution
2026-07-29T16:38:02.702885Z  INFO ✅ success
2026-07-29T16:38:02.702926Z  INFO 📦 starting build
    Finished `dev` profile [unoptimized + debuginfo] target(s) in 0.22s
warning: the following packages contain code that will be rejected by a future version of Rust: proc-macro-error2 v2.0.1
note: to see what the problems were, use the option `--future-incompat-report`, or run `cargo report future-incompatibilities --id 1`
2026-07-29T16:38:05.207625Z  INFO applying new distribution
2026-07-29T16:38:05.211393Z  INFO ✅ success
2026-07-29T16:38:05.211431Z  INFO 📦 starting build
    Finished `dev` profile [unoptimized + debuginfo] target(s) in 0.22s
warning: the following packages contain code that will be rejected by a future version of Rust: proc-macro-error2 v2.0.1
note: to see what the problems were, use the option `--future-incompat-report`, or run `cargo report future-incompatibilities --id 1`
2026-07-29T16:38:07.646375Z  INFO applying new distribution
2026-07-29T16:38:07.649524Z  INFO ✅ success
2026-07-29T16:38:07.649574Z  INFO 📦 starting build
    Finished `dev` profile [unoptimized + debuginfo] target(s) in 0.22s
warning: the following packages contain code that will be rejected by a future version of Rust: proc-macro-error2 v2.0.1
note: to see what the problems were, use the option `--future-incompat-report`, or run `cargo report future-incompatibilities --id 1`
2026-07-29T16:38:10.084059Z  INFO applying new distribution
2026-07-29T16:38:10.086995Z  INFO ✅ success
2026-07-29T16:38:10.087028Z  INFO 📦 starting build
    Finished `dev` profile [unoptimized + debuginfo] target(s) in 0.22s
warning: the following packages contain code that will be rejected by a future version of Rust: proc-macro-error2 v2.0.1
note: to see what the problems were, use the option `--future-incompat-report`, or run `cargo report future-incompatibilities --id 1`
